// Jest Snapshot v1, https://goo.gl/fbAQLP

exports[`Form component should render Form 1`] = `
<form
  className="Form"
  onSubmit={[Function]}
>
  <h2>
    Find a Character
  </h2>
  <input
    name="search"
    onChange={[Function]}
    type="text"
    value="test search"
  />
  <button>
    Search
  </button>
</form>
`;
